Type 'help;' or '\h' for help. Type '\c' to clear the current input statement.

mysql> SHOW DATABASES;
+--------------------+
| Database           |
+--------------------+
| information_schema |
| innodb             |
| mysql              |
| performance_schema |
| sys                |
| udacity            |
+--------------------+
6 rows in set (0.00 sec)

mysql> use udacity
Reading table information for completion of table and column names
You can turn off this feature to get a quicker startup with -A

Database changed
mysql> SHOW TABLES;
+-------------------+
| Tables_in_udacity |
+-------------------+
| pet               |
+-------------------+
1 row in set (0.00 sec)

mysql> Select * from pet;
+-------------+----------+------------+------+------------+-------+
| name        | owner    | species    | sex  | birth      | death |
+-------------+----------+------------+------+------------+-------+
| Puffball    | Diane    | hamster    | f    | 1999-03-30 | NULL  |
| Puffball100 | Diane100 | hamster100 | f    | 1999-03-30 | NULL  |
+-------------+----------+------------+------+------------+-------+
2 rows in set (0.00 sec)

mysql> INSERT INTO pet VALUES ('Puffball','Diane','hamster','f','1999-03-30',NULL);
ERROR 1290 (HY000): The MySQL server is running with the --read-only option so it cannot execute this statement
mysql>
